{
  "title": "[finsetreport] 전략: 대출 상담 플랫폼 전략 설계 / 대출 상담 챗봇의 KPI를 정의해줘",
  "objectives": [
    "문제정의 명확화",
    "도메인 목표 반영: 대출 상담 플랫폼 전략 설계",
    "사고 프레임 적용: DEFAULT / General"
  ],
  "modules": [
    {
      "name": "InputAnalyzer",
      "role": "분류"
    },
    {
      "name": "FunnelDesigner",
      "role": "전략"
    },
    {
      "name": "RiskAssessor",
      "role": "평가"
    }
  ],
  "flow": [
    "InputAnalyzer -> FunnelDesigner -> RiskAssessor"
  ],
  "risks": [
    "요구사항 변동",
    "데이터 부족"
  ],
  "meta": {
    "version": "0.3.0",
    "model": "router_dummy",
    "timestamp": "2025-08-08T09:23:35.201394"
  }
}