{
  "findings": [
    "clarity=86.7",
    "coverage=75.0",
    "feasibility=80.0",
    "risk=70",
    "structure=80.0",
    "weights=<omitted>"
  ],
  "recommendations": [
    "핵심 모듈 수를 4~8개로 늘려 실행 단계를 구체화하세요."
  ],
  "score": 77.9
}