[
  {
    "case": "case6",
    "status": "unchanged"
  }
]